================================================================================
Particle Decay & Emission Analysis
Numerical Approach - Seven Particle Size Bins
================================================================================
Bedroom volume: 36.1 m^3
Time step: 1.0 minute(s)
Penetration factor: averaged before/after windows (p capped at 1)
Deposition window: 2.0 hour(s) after shower

Validation thresholds:
  Max deposition rate (beta): 15.0 h^-1
  Min concentration ratio: 1.05
  Min data points: p=10, beta=10, E=3

Loading QuantAQ particle data...
  Found 1 file(s) for QuantAQ inside
    Loaded: 20260212-quantaq-inside-processed.csv (47484 rows)
  Found 1 file(s) for QuantAQ outside
    Loaded: 20260212-quantaq-outside-processed.csv (47518 rows)

Merged data: 54721 rows
Date range: 2026-01-05 00:00:00 to 2026-02-12 00:00:00

Loading events from registry: C:\Users\Nathan\Documents\NIST\EPA_Legionella\output\event_registry.csv
  Loaded 64 events from registry
  Events with lambda values: 46
  Using unified event registry for consistent event numbering

Event Matching Summary:
  0117_W48_Open_Day_R01 (01/17 09:00): No lambda value available
  0118_W48_Open_Day_R01 (01/18 09:00): No lambda value available
  0119_W48_Open_Day_R01 (01/19 09:00): No lambda value available
  0120_W48_Open_Day_R01 (01/20 09:00): No lambda value available
  0121_W48_Open_Day_R01 (01/21 09:00): No lambda value available
  Event 21 (2026-01-22 15:00): EXCLUDED - Tour in house during test
  0123_W11_Open_Night_R01 (01/23 03:00): No lambda value available
  0123_W11_Open_Day_R01 (01/23 15:00): No lambda value available
  0124_W11_Open_Night_R01 (01/24 03:00): No lambda value available
  0124_W11_Open_Day_R01 (01/24 15:00): No lambda value available
  0125_W11_Open_Night_R01 (01/25 03:00): No lambda value available
  0125_W11_Open_Day_R01 (01/25 15:00): No lambda value available
  0126_W11_Open_Night_R01 (01/26 03:00): No lambda value available
  0126_W11_Open_Day_R01 (01/26 15:00): No lambda value available
  Event 35 (2026-01-29 15:00): EXCLUDED - People in house
  0202_W25_Open_Night_R01 (02/02 17:31): No lambda value available
  0202_W25_Open_Night_R02 (02/02 17:56): No lambda value available
  0205_W25_Open_Day_R01 (02/05 09:51): No lambda value available
  0209_W30_Open_Day_R01 (02/09 09:23): No lambda value available

Total: 64 events | Matched: 45 | Excluded: 2 | Missing lambda: 17

Analyzing shower events...
  0115_W48_Open_Day_R01 (01/15 15:00): lambda=1.6032 h^-1
    Successfully analyzed 6/7 bins
      Bin 0 (0.35-0.46 um): Insufficient concentration ratio at peak: 0.952 (minimum 1.05). C_peak=3.7, C...
  0115_W48_Open_Night_R01 (01/15 21:00): lambda=1.4639 h^-1
    Successfully analyzed 6/7 bins
      Bin 0 (0.35-0.46 um): Insufficient concentration ratio at peak: 0.773 (minimum 1.05). C_peak=4.1, C...
  0116_W48_Open_Night_R01 (01/16 03:00): lambda=1.4558 h^-1
    Successfully analyzed 5/7 bins
      Bin 0 (0.35-0.46 um): Insufficient concentration ratio at peak: 0.707 (minimum 1.05). C_peak=4.0, C...
      Bin 1 (0.46-0.66 um): No positive emission values calculated
  0116_W48_Open_Day_R01 (01/16 09:00): lambda=1.1772 h^-1
    Successfully analyzed 4/7 bins
      Bin 0 (0.35-0.46 um): Insufficient concentration ratio at peak: 0.918 (minimum 1.05). C_peak=4.2, C...
      Bin 1 (0.46-0.66 um): No positive emission values calculated
      Bin 2 (0.66-1.0 um): No positive emission values calculated
  0116_W48_Open_Day_R02 (01/16 15:00): lambda=1.0670 h^-1
    Successfully analyzed 6/7 bins
      Bin 0 (0.35-0.46 um): Insufficient concentration ratio at peak: 0.940 (minimum 1.05). C_peak=4.0, C...
  0117_W48_Open_Night_R01 (01/17 03:00): lambda=0.8812 h^-1
    Successfully analyzed 6/7 bins
      Bin 0 (0.35-0.46 um): Insufficient concentration ratio at peak: 0.840 (minimum 1.05). C_peak=5.4, C...
  0117_W48_Open_Day_R01: Skipped (no lambda from CO2 analysis)
  0117_W48_Open_Day_R02 (01/17 15:00): lambda=0.6212 h^-1
    Successfully analyzed 6/7 bins
      Bin 0 (0.35-0.46 um): Insufficient concentration ratio at peak: 0.753 (minimum 1.05). C_peak=8.3, C...
  0118_W48_Open_Night_R01 (01/18 03:00): lambda=1.0299 h^-1
    Successfully analyzed 0/7 bins
      Bin 0 (0.35-0.46 um): No valid concentration data in window
      Bin 1 (0.46-0.66 um): No valid concentration data in window
      Bin 2 (0.66-1.0 um): No valid concentration data in window
      ... and 4 more bins skipped
  0118_W48_Open_Day_R01: Skipped (no lambda from CO2 analysis)
  0118_W48_Open_Day_R02 (01/18 15:00): lambda=1.2874 h^-1
    Successfully analyzed 0/7 bins
      Bin 0 (0.35-0.46 um): No valid concentration data in window
      Bin 1 (0.46-0.66 um): No valid concentration data in window
      Bin 2 (0.66-1.0 um): No valid concentration data in window
      ... and 4 more bins skipped
  0119_W48_Open_Night_R01 (01/19 03:00): lambda=1.4055 h^-1
    Successfully analyzed 6/7 bins
      Bin 0 (0.35-0.46 um): Insufficient concentration ratio at peak: 0.624 (minimum 1.05). C_peak=6.1, C...
  0119_W48_Open_Day_R01: Skipped (no lambda from CO2 analysis)
  0119_W48_Open_Day_R02 (01/19 15:00): lambda=0.8010 h^-1
    Successfully analyzed 7/7 bins
  0120_W48_Open_Night_R01 (01/20 03:00): lambda=2.0965 h^-1
    Successfully analyzed 4/7 bins
      Bin 0 (0.35-0.46 um): Insufficient concentration ratio at peak: 0.738 (minimum 1.05). C_peak=5.4, C...
      Bin 1 (0.46-0.66 um): No positive emission values calculated
      Bin 2 (0.66-1.0 um): No positive emission values calculated
  0120_W48_Open_Day_R01: Skipped (no lambda from CO2 analysis)
  0120_W48_Open_Day_R02 (01/20 15:00): lambda=1.5364 h^-1
    Successfully analyzed 6/7 bins
      Bin 0 (0.35-0.46 um): Insufficient concentration ratio at peak: 1.027 (minimum 1.05). C_peak=4.9, C...
  0121_W48_Open_Night_R01 (01/21 03:00): lambda=1.7482 h^-1
    Successfully analyzed 4/7 bins
      Bin 0 (0.35-0.46 um): Insufficient concentration ratio at peak: 0.516 (minimum 1.05). C_peak=6.9, C...
      Bin 1 (0.46-0.66 um): No positive emission values calculated
      Bin 2 (0.66-1.0 um): No positive emission values calculated
  0121_W48_Open_Day_R01: Skipped (no lambda from CO2 analysis)
  0121_W48_Open_Day_R02 (01/21 15:00): lambda=0.9698 h^-1
    Successfully analyzed 7/7 bins
  0122_W11_Open_Day_R01: Skipped (excluded: Tour in house during test)
  0123_W11_Open_Night_R01: Skipped (no lambda from CO2 analysis)
  0123_W11_Open_Day_R01: Skipped (no lambda from CO2 analysis)
  0124_W11_Open_Night_R01: Skipped (no lambda from CO2 analysis)
  0124_W11_Open_Day_R01: Skipped (no lambda from CO2 analysis)
  0125_W11_Open_Night_R01: Skipped (no lambda from CO2 analysis)
  0125_W11_Open_Day_R01: Skipped (no lambda from CO2 analysis)
  0126_W11_Open_Night_R01: Skipped (no lambda from CO2 analysis)
  0126_W11_Open_Day_R01: Skipped (no lambda from CO2 analysis)
  0127_W11_Open_Night_R01 (01/27 03:00): lambda=1.4462 h^-1
    Successfully analyzed 2/7 bins
      Bin 0 (0.35-0.46 um): Insufficient concentration ratio at peak: 0.439 (minimum 1.05). C_peak=3.8, C...
      Bin 1 (0.46-0.66 um): No positive emission values calculated
      Bin 2 (0.66-1.0 um): No positive emission values calculated
      ... and 2 more bins skipped
  0127_W11_Open_Day_R01 (01/27 15:00): lambda=0.9719 h^-1
    Successfully analyzed 2/7 bins
      Bin 0 (0.35-0.46 um): Insufficient concentration ratio at peak: 0.635 (minimum 1.05). C_peak=4.0, C...
      Bin 1 (0.46-0.66 um): No positive emission values calculated
      Bin 3 (1.0-1.3 um): No positive emission values calculated
      ... and 2 more bins skipped
  0128_W11_Open_Night_R01 (01/28 03:00): lambda=1.6295 h^-1
    Successfully analyzed 2/7 bins
      Bin 0 (0.35-0.46 um): Insufficient concentration ratio at peak: 0.469 (minimum 1.05). C_peak=5.0, C...
      Bin 1 (0.46-0.66 um): No positive emission values calculated
      Bin 2 (0.66-1.0 um): No positive emission values calculated
      ... and 2 more bins skipped
  0128_W11_Open_Day_R01 (01/28 15:00): lambda=1.0255 h^-1
    Successfully analyzed 5/7 bins
      Bin 0 (0.35-0.46 um): Insufficient concentration ratio at peak: 0.496 (minimum 1.05). C_peak=5.6, C...
      Bin 4 (1.3-1.7 um): No positive emission values calculated
  0129_W11_Open_Night_R01 (01/29 03:00): lambda=1.4349 h^-1
    Successfully analyzed 1/7 bins
      Bin 0 (0.35-0.46 um): Insufficient concentration ratio at peak: 0.433 (minimum 1.05). C_peak=4.8, C...
      Bin 1 (0.46-0.66 um): No positive emission values calculated
      Bin 2 (0.66-1.0 um): No positive emission values calculated
      ... and 3 more bins skipped
  0129_W11_Open_Day_R01: Skipped (excluded: People in house)
  0130_W11_Open_Night_R01 (01/30 03:00): lambda=1.4202 h^-1
    Successfully analyzed 1/7 bins
      Bin 0 (0.35-0.46 um): Insufficient concentration ratio at peak: 0.341 (minimum 1.05). C_peak=4.4, C...
      Bin 1 (0.46-0.66 um): No positive emission values calculated
      Bin 2 (0.66-1.0 um): No positive emission values calculated
      ... and 3 more bins skipped
  0130_W11_Open_Day_R01 (01/30 15:00): lambda=1.4659 h^-1
    Successfully analyzed 2/7 bins
      Bin 0 (0.35-0.46 um): Insufficient concentration ratio at peak: 0.623 (minimum 1.05). C_peak=3.5, C...
      Bin 1 (0.46-0.66 um): No positive emission values calculated
      Bin 2 (0.66-1.0 um): No positive emission values calculated
      ... and 2 more bins skipped
  0131_W11_Open_Night_R01 (01/31 03:00): lambda=1.4170 h^-1
    Successfully analyzed 0/7 bins
      Bin 0 (0.35-0.46 um): Insufficient concentration ratio at peak: 0.354 (minimum 1.05). C_peak=3.8, C...
      Bin 1 (0.46-0.66 um): No positive emission values calculated
      Bin 2 (0.66-1.0 um): No positive emission values calculated
      ... and 4 more bins skipped
  0131_W11_Open_Day_R01 (01/31 15:00): lambda=1.4960 h^-1
    Successfully analyzed 1/7 bins
      Bin 0 (0.35-0.46 um): Insufficient concentration ratio at peak: 0.676 (minimum 1.05). C_peak=3.5, C...
      Bin 1 (0.46-0.66 um): No positive emission values calculated
      Bin 2 (0.66-1.0 um): No positive emission values calculated
      ... and 3 more bins skipped
  0201_W11_Open_Night_R01 (02/01 03:00): lambda=1.7552 h^-1
    Successfully analyzed 0/7 bins
      Bin 0 (0.35-0.46 um): No valid concentration data in window
      Bin 1 (0.46-0.66 um): No valid concentration data in window
      Bin 2 (0.66-1.0 um): No valid concentration data in window
      ... and 4 more bins skipped
  0201_W11_Open_Day_R01 (02/01 15:00): lambda=1.9730 h^-1
    Successfully analyzed 0/7 bins
      Bin 0 (0.35-0.46 um): No valid concentration data in window
      Bin 1 (0.46-0.66 um): No valid concentration data in window
      Bin 2 (0.66-1.0 um): No valid concentration data in window
      ... and 4 more bins skipped
  0202_W11_Open_Night_R01 (02/02 03:00): lambda=1.8004 h^-1
    Successfully analyzed 2/7 bins
      Bin 0 (0.35-0.46 um): Insufficient concentration ratio at peak: 0.488 (minimum 1.05). C_peak=3.6, C...
      Bin 1 (0.46-0.66 um): No positive emission values calculated
      Bin 2 (0.66-1.0 um): No positive emission values calculated
      ... and 2 more bins skipped
  0202_W11_Open_Day_R01 (02/02 15:00): lambda=1.1690 h^-1
    Successfully analyzed 5/7 bins
      Bin 0 (0.35-0.46 um): Insufficient concentration ratio at peak: 0.766 (minimum 1.05). C_peak=4.0, C...
      Bin 5 (1.7-2.3 um): No positive emission values calculated
  0202_W25_Open_Night_R01: Skipped (no lambda from CO2 analysis)
  0202_W25_Open_Night_R02: Skipped (no lambda from CO2 analysis)
  0203_W25_Open_Night_R01 (02/03 03:00): lambda=1.1885 h^-1
    Successfully analyzed 5/7 bins
      Bin 0 (0.35-0.46 um): Insufficient concentration ratio at peak: 0.472 (minimum 1.05). C_peak=5.9, C...
      Bin 5 (1.7-2.3 um): No positive emission values calculated
  0203_W25_Open_Day_R01 (02/03 15:00): lambda=0.7135 h^-1
    Successfully analyzed 6/7 bins
      Bin 0 (0.35-0.46 um): Insufficient concentration ratio at peak: 0.506 (minimum 1.05). C_peak=7.3, C...
  0204_W25_Open_Night_R01 (02/04 03:00): lambda=1.1421 h^-1
    Successfully analyzed 4/7 bins
      Bin 0 (0.35-0.46 um): Insufficient concentration ratio at peak: 0.371 (minimum 1.05). C_peak=12.3, ...
      Bin 2 (0.66-1.0 um): No positive emission values calculated
      Bin 5 (1.7-2.3 um): No positive emission values calculated
  0204_W25_Open_Day_R01 (02/04 15:00): lambda=1.0887 h^-1
    Successfully analyzed 4/7 bins
      Bin 0 (0.35-0.46 um): Insufficient concentration ratio at peak: 0.655 (minimum 1.05). C_peak=6.4, C...
      Bin 1 (0.46-0.66 um): No positive emission values calculated
      Bin 5 (1.7-2.3 um): No positive emission values calculated
  0205_W25_Open_Night_R01 (02/05 03:00): lambda=1.2675 h^-1
    Successfully analyzed 5/7 bins
      Bin 0 (0.35-0.46 um): Insufficient concentration ratio at peak: 0.294 (minimum 1.05). C_peak=7.4, C...
      Bin 6 (2.3-3.0 um): No positive emission values calculated
  0205_W25_Open_Day_R01: Skipped (no lambda from CO2 analysis)
  0205_W30_Open_Day_R01 (02/05 15:00): lambda=1.0534 h^-1
    Successfully analyzed 5/7 bins
      Bin 0 (0.35-0.46 um): Insufficient concentration ratio at peak: 0.608 (minimum 1.05). C_peak=7.3, C...
      Bin 2 (0.66-1.0 um): No positive emission values calculated
  0206_W30_Open_Night_R01 (02/06 03:00): lambda=1.3653 h^-1
    Successfully analyzed 5/7 bins
      Bin 0 (0.35-0.46 um): Insufficient concentration ratio at peak: 0.267 (minimum 1.05). C_peak=11.1, ...
      Bin 4 (1.3-1.7 um): No positive emission values calculated
  0206_W30_Open_Day_R01 (02/06 15:00): lambda=0.8777 h^-1
    Successfully analyzed 6/7 bins
      Bin 0 (0.35-0.46 um): Insufficient concentration ratio at peak: 0.431 (minimum 1.05). C_peak=7.9, C...
  0207_W30_Open_Night_R01 (02/07 03:00): lambda=2.0122 h^-1
    Successfully analyzed 3/7 bins
      Bin 1 (0.46-0.66 um): No positive emission values calculated
      Bin 2 (0.66-1.0 um): No positive emission values calculated
      Bin 4 (1.3-1.7 um): No positive emission values calculated
      ... and 1 more bins skipped
  0207_W30_Open_Day_R01 (02/07 15:00): lambda=2.3728 h^-1
    Successfully analyzed 5/7 bins
      Bin 0 (0.35-0.46 um): Insufficient concentration ratio at peak: 0.549 (minimum 1.05). C_peak=3.6, C...
      Bin 1 (0.46-0.66 um): No positive emission values calculated
  0208_W30_Open_Night_R01 (02/08 03:00): lambda=1.9428 h^-1
    Successfully analyzed 0/7 bins
      Bin 0 (0.35-0.46 um): No valid concentration data in window
      Bin 1 (0.46-0.66 um): No valid concentration data in window
      Bin 2 (0.66-1.0 um): No valid concentration data in window
      ... and 4 more bins skipped
  0208_W30_Open_Day_R01 (02/08 15:00): lambda=1.8447 h^-1
    Successfully analyzed 0/7 bins
      Bin 0 (0.35-0.46 um): No valid concentration data in window
      Bin 1 (0.46-0.66 um): No valid concentration data in window
      Bin 2 (0.66-1.0 um): No valid concentration data in window
      ... and 4 more bins skipped
  0209_W30_Open_Night_R01 (02/09 03:00): lambda=1.5076 h^-1
    Successfully analyzed 6/7 bins
      Bin 0 (0.35-0.46 um): Insufficient concentration ratio at peak: 0.516 (minimum 1.05). C_peak=4.6, C...
  0209_W30_Open_Day_R01: Skipped (no lambda from CO2 analysis)
  0209_W37_Open_Day_R01 (02/09 15:00): lambda=0.9605 h^-1
    Successfully analyzed 5/7 bins
      Bin 0 (0.35-0.46 um): Insufficient concentration ratio at peak: 0.991 (minimum 1.05). C_peak=5.7, C...
      Bin 1 (0.46-0.66 um): No positive emission values calculated
  0210_W37_Open_Night_R01 (02/10 03:00): lambda=1.0902 h^-1
    Successfully analyzed 5/7 bins
      Bin 0 (0.35-0.46 um): Insufficient concentration ratio at peak: 0.625 (minimum 1.05). C_peak=7.0, C...
      Bin 3 (1.0-1.3 um): No positive emission values calculated
  0210_W37_Open_Day_R01 (02/10 15:00): lambda=0.6693 h^-1
    Successfully analyzed 6/7 bins
      Bin 0 (0.35-0.46 um): Insufficient concentration ratio at peak: 0.886 (minimum 1.05). C_peak=8.3, C...
  0211_W37_Open_Night_R01 (02/11 03:00): lambda=0.9391 h^-1
    Successfully analyzed 6/7 bins
      Bin 0 (0.35-0.46 um): Insufficient data after peak: 1 points (minimum 10 required)

================================================================================
Overall Results Summary
================================================================================

Bin 0 (0.35-0.46 um):
  p (penetration):     0.407 +/- 0.096
  beta (deposition):   0.000 +/- 0.000 h^-1
  E (emission):        2.19e+06 +/- 8.76e+05 #/min
  Valid events:        3/45

Bin 1 (0.46-0.66 um):
  p (penetration):     0.997 +/- 0.014
  beta (deposition):   0.012 +/- 0.044 h^-1
  E (emission):        4.06e+05 +/- 2.97e+05 #/min
  Valid events:        22/45

Bin 2 (0.66-1.0 um):
  p (penetration):     1.000 +/- 0.000
  beta (deposition):   0.005 +/- 0.022 h^-1
  E (emission):        1.80e+05 +/- 1.38e+05 #/min
  Valid events:        25/45

Bin 3 (1.0-1.3 um):
  p (penetration):     0.988 +/- 0.046
  beta (deposition):   0.061 +/- 0.117 h^-1
  E (emission):        1.23e+05 +/- 9.18e+04 #/min
  Valid events:        31/45

Bin 4 (1.3-1.7 um):
  p (penetration):     0.787 +/- 0.185
  beta (deposition):   0.086 +/- 0.187 h^-1
  E (emission):        1.37e+05 +/- 1.20e+05 #/min
  Valid events:        29/45

Bin 5 (1.7-2.3 um):
  p (penetration):     0.553 +/- 0.262
  beta (deposition):   0.205 +/- 0.303 h^-1
  E (emission):        1.08e+05 +/- 7.16e+04 #/min
  Valid events:        29/45

Bin 6 (2.3-3.0 um):
  p (penetration):     0.513 +/- 0.271
  beta (deposition):   0.432 +/- 0.395 h^-1
  E (emission):        6.77e+04 +/- 5.34e+04 #/min
  Valid events:        33/45

Results saved to: C:\Users\Nathan\Documents\NIST\EPA_Legionella\output\particle_analysis_summary.xlsx

Generating plots...
  Generated: penetration_summary.png
  Generated: deposition_summary.png
  Generated: emission_summary.png
  Plots saved to: C:\Users\Nathan\Documents\NIST\EPA_Legionella\output\plots
